// Jest Snapshot v1, https://jestjs.io/docs/snapshot-testing

exports[`CLI alias/importRoot resolution resolves modules via tsconfig paths and importRoot 1`] = `
[
  {
    "entrypoints": [],
    "exists": true,
    "imported-by": [],
    "in-degree": 0,
    "node": "package.json",
    "orphan": false,
    "size-bytes": 118,
    "symbols": {
      "exports": {
        "default": {
          "exists": false,
          "orphan": true,
          "referencedInFile": false,
        },
        "named": [],
        "reExports": [],
      },
    },
  },
  {
    "entrypoints": [
      "src/index.ts",
    ],
    "exists": true,
    "imported-by": [
      {
        "file": "src/index.ts",
        "type": "static-import",
      },
    ],
    "in-degree": 1,
    "node": "src/components/Button/index.ts",
    "orphan": false,
    "size-bytes": 27,
    "symbols": {
      "exports": {
        "default": {
          "exists": false,
          "orphan": true,
          "referencedInFile": false,
        },
        "named": [
          {
            "name": "Button",
            "orphan": true,
            "reexport": false,
            "referencedInFile": false,
          },
        ],
        "reExports": [],
      },
    },
  },
  {
    "entrypoints": [
      "src/index.ts",
    ],
    "exists": true,
    "imported-by": [],
    "in-degree": 0,
    "node": "src/index.ts",
    "orphan": false,
    "size-bytes": 53,
    "symbols": {
      "exports": {
        "default": {
          "exists": false,
          "orphan": true,
          "referencedInFile": false,
        },
        "named": [],
        "reExports": [],
      },
    },
  },
  {
    "entrypoints": [
      "src/index.ts",
    ],
    "exists": true,
    "imported-by": [
      {
        "file": "src/index.ts",
        "type": "static-import",
      },
    ],
    "in-degree": 1,
    "node": "src/util.ts",
    "orphan": false,
    "size-bytes": 22,
    "symbols": {
      "exports": {
        "default": {
          "exists": false,
          "orphan": true,
          "referencedInFile": false,
        },
        "named": [
          {
            "name": "u",
            "orphan": true,
            "reexport": false,
            "referencedInFile": false,
          },
        ],
        "reExports": [],
      },
    },
  },
  {
    "entrypoints": [],
    "exists": true,
    "imported-by": [],
    "in-degree": 0,
    "node": "tsconfig.json",
    "orphan": false,
    "size-bytes": 143,
    "symbols": {
      "exports": {
        "default": {
          "exists": false,
          "orphan": true,
          "referencedInFile": false,
        },
        "named": [],
        "reExports": [],
      },
    },
  },
]
`;
