// Jest Snapshot v1, https://jestjs.io/docs/snapshot-testing

exports[`CLI basic-static fixture finds D.ts as orphan and outputs required keys 1`] = `
[
  {
    "exists": true,
    "in-degree": 0,
    "node": "A.ts",
    "orphan": false,
    "size-bytes": 16,
    "symbols": {
      "exports": {
        "default": {
          "exists": false,
          "orphan": true,
          "referencedInFile": false,
        },
        "named": [],
        "reExports": [],
      },
    },
  },
  {
    "exists": true,
    "in-degree": 1,
    "node": "B.ts",
    "orphan": false,
    "size-bytes": 39,
    "symbols": {
      "exports": {
        "default": {
          "exists": false,
          "orphan": true,
          "referencedInFile": false,
        },
        "named": [
          {
            "name": "used",
            "orphan": true,
            "reexport": false,
            "referencedInFile": false,
          },
        ],
        "reExports": [],
      },
    },
  },
  {
    "exists": true,
    "in-degree": 1,
    "node": "C.ts",
    "orphan": false,
    "size-bytes": 27,
    "symbols": {
      "exports": {
        "default": {
          "exists": false,
          "orphan": true,
          "referencedInFile": false,
        },
        "named": [
          {
            "name": "value",
            "orphan": true,
            "reexport": false,
            "referencedInFile": false,
          },
        ],
        "reExports": [],
      },
    },
  },
  {
    "exists": true,
    "in-degree": 0,
    "node": "D.ts",
    "orphan": true,
    "size-bytes": 45,
    "symbols": {
      "exports": {
        "default": {
          "exists": false,
          "orphan": true,
          "referencedInFile": false,
        },
        "named": [
          {
            "name": "orphan",
            "orphan": true,
            "reexport": false,
            "referencedInFile": false,
          },
        ],
        "reExports": [],
      },
      "imports": [],
    },
  },
  {
    "exists": true,
    "in-degree": 0,
    "node": "package.json",
    "orphan": true,
    "size-bytes": 106,
    "symbols": {
      "exports": {
        "default": {
          "exists": false,
          "orphan": true,
          "referencedInFile": false,
        },
        "named": [],
        "reExports": [],
      },
      "imports": [],
    },
  },
]
`;
