// Jest Snapshot v1, https://jestjs.io/docs/snapshot-testing

exports[`CLI Next-like auto seeding prints Next detection and seeds entrypoints 1`] = `
[
  {
    "exists": true,
    "in-degree": 1,
    "node": "components/Widget.ts",
    "orphan": false,
    "symbols": {
      "exports": {
        "default": {
          "exists": false,
          "orphan": true,
          "referencedInFile": false,
        },
        "named": [
          {
            "name": "Widget",
            "orphan": true,
            "reexport": false,
            "referencedInFile": false,
          },
        ],
        "reExports": [],
      },
    },
  },
  {
    "exists": true,
    "in-degree": 0,
    "node": "package.json",
    "orphan": true,
    "symbols": {
      "exports": {
        "default": {
          "exists": false,
          "orphan": true,
          "referencedInFile": false,
        },
        "named": [],
        "reExports": [],
      },
      "imports": [],
    },
  },
  {
    "exists": true,
    "in-degree": 0,
    "node": "pages/index.ts",
    "orphan": false,
    "symbols": {
      "exports": {
        "default": {
          "exists": true,
          "orphan": true,
          "referencedInFile": false,
        },
        "named": [],
        "reExports": [],
      },
    },
  },
]
`;
