// Jest Snapshot v1, https://jestjs.io/docs/snapshot-testing

exports[`CLI Next-like auto seeding prints Next detection and seeds entrypoints 1`] = `
[
  {
    "entrypoints": [
      "pages/index.ts",
    ],
    "exists": true,
    "imported-by": [
      {
        "file": "pages/index.ts",
        "type": "static-import",
      },
    ],
    "in-degree": 1,
    "node": "components/Widget.ts",
    "orphan": false,
    "size-bytes": 27,
    "symbols": {
      "exports": {
        "default": {
          "exists": false,
          "orphan": true,
          "referencedInFile": false,
        },
        "named": [
          {
            "name": "Widget",
            "orphan": true,
            "reexport": false,
            "referencedInFile": false,
          },
        ],
        "reExports": [],
      },
    },
  },
  {
    "entrypoints": [],
    "exists": true,
    "imported-by": [],
    "in-degree": 0,
    "node": "package.json",
    "orphan": false,
    "size-bytes": 147,
    "symbols": {
      "exports": {
        "default": {
          "exists": false,
          "orphan": true,
          "referencedInFile": false,
        },
        "named": [],
        "reExports": [],
      },
    },
  },
  {
    "entrypoints": [
      "pages/index.ts",
    ],
    "exists": true,
    "imported-by": [],
    "in-degree": 0,
    "node": "pages/index.ts",
    "orphan": false,
    "size-bytes": 87,
    "symbols": {
      "exports": {
        "default": {
          "exists": true,
          "orphan": true,
          "referencedInFile": false,
        },
        "named": [],
        "reExports": [],
      },
    },
  },
]
`;
